<html>
<body>
<pre>
<h1>µVision Build Log</h1>
<h2>Tool Versions:</h2>
IDE-Version: ¦ÌVision V5.26.2.0
Copyright (C) 2018 ARM Ltd and ARM Germany GmbH. All rights reserved.
License Information: guotong ma, WHUT, LIC=HF8NN-YYK4A-MQY0F-6HUAR-NG094-VZ7SM
 
Tool Versions:
Toolchain:       MDK-ARM Professional  Version: 5.26.2.0
Toolchain Path:  D:\Program Files\KEIL\ARM\ARMCC\Bin
C Compiler:      Armcc.exe V5.06 update 6 (build 750)
Assembler:       Armasm.exe V5.06 update 6 (build 750)
Linker/Locator:  ArmLink.exe V5.06 update 6 (build 750)
Library Manager: ArmAr.exe V5.06 update 6 (build 750)
Hex Converter:   FromElf.exe V5.06 update 6 (build 750)
CPU DLL:         SARMCM3.DLL V5.26.2.0
Dialog DLL:      DCM.DLL V1.17.2.0
Target DLL:      lmidk-agdi.dll V???
Dialog DLL:      TCM.DLL V1.36.1.0
 
<h2>Project:</h2>
E:\source\ARM\TM4C\eagle (2)\template.uvprojx
Project File Date:  04/05/2019

<h2>Output:</h2>
*** Using Compiler 'V5.06 update 6 (build 750)', folder: 'D:\Program Files\KEIL\ARM\ARMCC\Bin'
Rebuild target 'Target 1'
compiling comp.c...
compiling aes.c...
compiling sccb.c...
compiling Myuart.c...
compiling eagle.c...
compiling adc.c...
compiling main.c...
compiling can.c...
compiling crc.c...
compiling des.c...
compiling cpu.c...
compiling fpu.c...
compiling flash.c...
compiling eeprom.c...
compiling epi.c...
compiling emac.c...
compiling interrupt.c...
compiling gpio.c...
compiling mpu.c...
compiling hibernate.c...
compiling lcd.c...
compiling i2c.c...
compiling onewire.c...
compiling pwm.c...
compiling qei.c...
compiling shamd5.c...
compiling ssi.c...
compiling sysexc.c...
compiling sw_crc.c...
compiling systick.c...
compiling timer.c...
assembling startup_rvmdk.S...
compiling udma.c...
compiling watchdog.c...
compiling sysctl.c...
compiling uart.c...
compiling usb.c...
linking...
Program Size: Code=10244 RO-data=1576 RW-data=1644 ZI-data=6780  
FromELF: creating hex file...
".\Objects\template.axf" - 0 Error(s), 0 Warning(s).

<h2>Software Packages used:</h2>

Package Vendor: Keil
                http://www.keil.com/pack/Keil.TM4C_DFP.1.1.0.pack
                Keil.TM4C_DFP.1.1.0
                Texas Instruments Tiva C Series Device Support and Examples

<h2>Collection of Component include folders:</h2>
  .\RTE\_Target_1
  D:\Program Files\KEIL\ARM\PACK\Keil\TM4C_DFP\1.1.0\Device\Include\TM4C123

<h2>Collection of Component Files used:</h2>
Build Time Elapsed:  00:00:02
</pre>
</body>
</html>
