Component: ARM Compiler 5.06 update 6 (build 750) Tool: armlink [4d35ed]

==============================================================================

Section Cross References

    main.o(.text) refers to sysctl.o(.text) for SysCtlClockSet
    main.o(.text) refers to myuart.o(.text) for initUART0
    main.o(.text) refers to eagle.o(.text) for InitEagle
    main.o(.text) refers to uart.o(.text) for UARTCharPut
    main.o(.text) refers to main.o(.bss) for imgbuff
    eagle.o(.text) refers to udma.o(.text) for uDMAChannelTransferSet
    eagle.o(.text) refers to gpio.o(.text) for GPIOIntClear
    eagle.o(.text) refers to sysctl.o(.text) for SysCtlPeripheralEnable
    eagle.o(.text) refers to interrupt.o(.text) for IntEnable
    eagle.o(.text) refers to sccb.o(.text) for SCCB_GPIO_Init
    eagle.o(.text) refers to main.o(.bss) for imgbuff
    eagle.o(.text) refers to eagle.o(.bss) for pui8ControlTable
    eagle.o(.text) refers to eagle.o(.data) for OV7725_eagle_reg
    myuart.o(.text) refers to uart.o(.text) for UARTIntStatus
    myuart.o(.text) refers to sysctl.o(.text) for SysCtlPeripheralEnable
    myuart.o(.text) refers to gpio.o(.text) for GPIOPinConfigure
    myuart.o(.text) refers to interrupt.o(.text) for IntEnable
    sccb.o(.text) refers to sysctl.o(.text) for SysCtlPeripheralEnable
    sccb.o(.text) refers to gpio.o(.text) for GPIOPinTypeGPIOOutput
    adc.o(.text) refers to interrupt.o(.text) for IntRegister
    adc.o(.text) refers to adc.o(.data) for g_pui8OversampleFactor
    aes.o(.text) refers to interrupt.o(.text) for IntRegister
    can.o(.text) refers to interrupt.o(.text) for IntRegister
    can.o(.text) refers to can.o(.constdata) for g_ui16CANBitValues
    comp.o(.text) refers to interrupt.o(.text) for IntRegister
    des.o(.text) refers to interrupt.o(.text) for IntRegister
    eeprom.o(.text) refers to sysctl.o(.emb_text) for SysCtlDelay
    eeprom.o(.text) refers to sysctl.o(.text) for SysCtlPeripheralReset
    emac.o(.text) refers to sysctl.o(.text) for SysCtlPeripheralReset
    emac.o(.text) refers to sysctl.o(.emb_text) for SysCtlDelay
    emac.o(.text) refers to sw_crc.o(.text) for Crc32
    emac.o(.text) refers to interrupt.o(.text) for IntRegister
    emac.o(.text) refers to emac.o(.constdata) for g_pi16MIIClockDiv
    epi.o(.text) refers to interrupt.o(.text) for IntRegister
    flash.o(.text) refers to interrupt.o(.text) for IntRegister
    flash.o(.text) refers to flash.o(.constdata) for g_pui32FMPRERegs
    gpio.o(.text) refers to interrupt.o(.text) for IntRegister
    gpio.o(.text) refers to gpio.o(.constdata) for g_ppui32GPIOIntMapBlizzard
    hibernate.o(.text) refers to interrupt.o(.text) for IntRegister
    i2c.o(.text) refers to interrupt.o(.text) for IntRegister
    i2c.o(.text) refers to i2c.o(.constdata) for g_ppui32I2CIntMap
    interrupt.o(.text) refers to cpu.o(.emb_text) for CPUcpsie
    interrupt.o(.text) refers to interrupt.o(vtable) for g_pfnRAMVectors
    interrupt.o(.text) refers to interrupt.o(.constdata) for g_pui32Priority
    lcd.o(.text) refers to sysctl.o(.emb_text) for SysCtlDelay
    lcd.o(.text) refers to interrupt.o(.text) for IntRegister
    mpu.o(.text) refers to interrupt.o(.text) for IntRegister
    onewire.o(.text) refers to interrupt.o(.text) for IntRegister
    onewire.o(.text) refers to sysctl.o(.emb_text) for SysCtlDelay
    pwm.o(.text) refers to interrupt.o(.text) for IntRegister
    qei.o(.text) refers to interrupt.o(.text) for IntRegister
    shamd5.o(.text) refers to interrupt.o(.text) for IntRegister
    ssi.o(.text) refers to interrupt.o(.text) for IntRegister
    ssi.o(.text) refers to ssi.o(.constdata) for g_ppui32SSIIntMap
    sw_crc.o(.text) refers to sw_crc.o(.constdata) for g_pui8Crc8CCITT
    sysctl.o(.text) refers to interrupt.o(.text) for IntRegister
    sysctl.o(.text) refers to sysctl.o(.constdata) for g_sXTALtoMEMTIM
    sysctl.o(.text) refers to cpu.o(.emb_text) for CPUwfi
    sysctl.o(.text) refers to sysctl.o(.emb_text) for SysCtlDelay
    sysexc.o(.text) refers to interrupt.o(.text) for IntRegister
    systick.o(.text) refers to interrupt.o(.text) for IntRegister
    timer.o(.text) refers to interrupt.o(.text) for IntRegister
    timer.o(.text) refers to timer.o(.constdata) for g_ppui32TimerIntMap
    uart.o(.text) refers to interrupt.o(.text) for IntRegister
    uart.o(.text) refers to uart.o(.constdata) for g_ppui32UARTIntMap
    udma.o(.text) refers to interrupt.o(.text) for IntRegister
    usb.o(.text) refers to interrupt.o(.text) for IntRegister
    watchdog.o(.text) refers to interrupt.o(.text) for IntRegister
    startup_rvmdk.o(STACK) refers (Special) to heapauxi.o(.text) for __use_two_region_memory
    startup_rvmdk.o(HEAP) refers (Special) to heapauxi.o(.text) for __use_two_region_memory
    startup_rvmdk.o(RESET) refers (Special) to heapauxi.o(.text) for __use_two_region_memory
    startup_rvmdk.o(RESET) refers to startup_rvmdk.o(STACK) for StackMem
    startup_rvmdk.o(RESET) refers to __main.o(!!!main) for __main
    startup_rvmdk.o(.text) refers (Special) to heapauxi.o(.text) for __use_two_region_memory
    startup_rvmdk.o(.text) refers to startup_rvmdk.o(HEAP) for HeapMem
    startup_rvmdk.o(.text) refers to startup_rvmdk.o(STACK) for StackMem
    __main.o(!!!main) refers to __rtentry.o(.ARM.Collect$$rtentry$$00000000) for __rt_entry
    __rtentry.o(.ARM.Collect$$rtentry$$00000000) refers (Special) to __rtentry2.o(.ARM.Collect$$rtentry$$0000000A) for __rt_entry_li
    __rtentry.o(.ARM.Collect$$rtentry$$00000000) refers (Special) to __rtentry2.o(.ARM.Collect$$rtentry$$0000000D) for __rt_entry_main
    __rtentry.o(.ARM.Collect$$rtentry$$00000000) refers (Special) to __rtentry2.o(.ARM.Collect$$rtentry$$0000000C) for __rt_entry_postli_1
    __rtentry.o(.ARM.Collect$$rtentry$$00000000) refers (Special) to __rtentry2.o(.ARM.Collect$$rtentry$$00000009) for __rt_entry_postsh_1
    __rtentry.o(.ARM.Collect$$rtentry$$00000000) refers (Special) to __rtentry2.o(.ARM.Collect$$rtentry$$00000002) for __rt_entry_presh_1
    __rtentry.o(.ARM.Collect$$rtentry$$00000000) refers (Special) to __rtentry4.o(.ARM.Collect$$rtentry$$00000004) for __rt_entry_sh
    __rtentry2.o(.ARM.Collect$$rtentry$$00000008) refers to boardinit2.o(.text) for _platform_post_stackheap_init
    __rtentry2.o(.ARM.Collect$$rtentry$$0000000A) refers to libinit.o(.ARM.Collect$$libinit$$00000000) for __rt_lib_init
    __rtentry2.o(.ARM.Collect$$rtentry$$0000000B) refers to boardinit3.o(.text) for _platform_post_lib_init
    __rtentry2.o(.ARM.Collect$$rtentry$$0000000D) refers to main.o(.text) for main
    __rtentry2.o(.ARM.Collect$$rtentry$$0000000D) refers to exit.o(.text) for exit
    __rtentry2.o(.ARM.exidx) refers to __rtentry2.o(.ARM.Collect$$rtentry$$00000001) for .ARM.Collect$$rtentry$$00000001
    __rtentry2.o(.ARM.exidx) refers to __rtentry2.o(.ARM.Collect$$rtentry$$00000008) for .ARM.Collect$$rtentry$$00000008
    __rtentry2.o(.ARM.exidx) refers to __rtentry2.o(.ARM.Collect$$rtentry$$0000000A) for .ARM.Collect$$rtentry$$0000000A
    __rtentry2.o(.ARM.exidx) refers to __rtentry2.o(.ARM.Collect$$rtentry$$0000000B) for .ARM.Collect$$rtentry$$0000000B
    __rtentry2.o(.ARM.exidx) refers to __rtentry2.o(.ARM.Collect$$rtentry$$0000000D) for .ARM.Collect$$rtentry$$0000000D
    __rtentry4.o(.ARM.Collect$$rtentry$$00000004) refers to sys_stackheap_outer.o(.text) for __user_setup_stackheap
    __rtentry4.o(.ARM.exidx) refers to __rtentry4.o(.ARM.Collect$$rtentry$$00000004) for .ARM.Collect$$rtentry$$00000004
    sys_stackheap_outer.o(.text) refers to libspace.o(.text) for __user_perproc_libspace
    sys_stackheap_outer.o(.text) refers to startup_rvmdk.o(.text) for __user_initial_stackheap
    exit.o(.text) refers to rtexit.o(.ARM.Collect$$rtexit$$00000000) for __rt_exit
    libinit.o(.ARM.Collect$$libinit$$00000000) refers (Special) to libinit2.o(.ARM.Collect$$libinit$$0000002E) for __rt_lib_init_alloca_1
    libinit.o(.ARM.Collect$$libinit$$00000000) refers (Special) to libinit2.o(.ARM.Collect$$libinit$$0000002C) for __rt_lib_init_argv_1
    libinit.o(.ARM.Collect$$libinit$$00000000) refers (Special) to libinit2.o(.ARM.Collect$$libinit$$0000001B) for __rt_lib_init_atexit_1
    libinit.o(.ARM.Collect$$libinit$$00000000) refers (Special) to libinit2.o(.ARM.Collect$$libinit$$00000021) for __rt_lib_init_clock_1
    libinit.o(.ARM.Collect$$libinit$$00000000) refers (Special) to libinit2.o(.ARM.Collect$$libinit$$00000032) for __rt_lib_init_cpp_1
    libinit.o(.ARM.Collect$$libinit$$00000000) refers (Special) to libinit2.o(.ARM.Collect$$libinit$$00000030) for __rt_lib_init_exceptions_1
    libinit.o(.ARM.Collect$$libinit$$00000000) refers (Special) to libinit2.o(.ARM.Collect$$libinit$$00000001) for __rt_lib_init_fp_1
    libinit.o(.ARM.Collect$$libinit$$00000000) refers (Special) to libinit2.o(.ARM.Collect$$libinit$$0000001F) for __rt_lib_init_fp_trap_1
    libinit.o(.ARM.Collect$$libinit$$00000000) refers (Special) to libinit2.o(.ARM.Collect$$libinit$$00000023) for __rt_lib_init_getenv_1
    libinit.o(.ARM.Collect$$libinit$$00000000) refers (Special) to libinit2.o(.ARM.Collect$$libinit$$0000000A) for __rt_lib_init_heap_1
    libinit.o(.ARM.Collect$$libinit$$00000000) refers (Special) to libinit2.o(.ARM.Collect$$libinit$$00000011) for __rt_lib_init_lc_collate_1
    libinit.o(.ARM.Collect$$libinit$$00000000) refers (Special) to libinit2.o(.ARM.Collect$$libinit$$00000013) for __rt_lib_init_lc_ctype_1
    libinit.o(.ARM.Collect$$libinit$$00000000) refers (Special) to libinit2.o(.ARM.Collect$$libinit$$00000015) for __rt_lib_init_lc_monetary_1
    libinit.o(.ARM.Collect$$libinit$$00000000) refers (Special) to libinit2.o(.ARM.Collect$$libinit$$00000017) for __rt_lib_init_lc_numeric_1
    libinit.o(.ARM.Collect$$libinit$$00000000) refers (Special) to libinit2.o(.ARM.Collect$$libinit$$00000019) for __rt_lib_init_lc_time_1
    libinit.o(.ARM.Collect$$libinit$$00000000) refers (Special) to libinit2.o(.ARM.Collect$$libinit$$00000004) for __rt_lib_init_preinit_1
    libinit.o(.ARM.Collect$$libinit$$00000000) refers (Special) to libinit2.o(.ARM.Collect$$libinit$$0000000E) for __rt_lib_init_rand_1
    libinit.o(.ARM.Collect$$libinit$$00000000) refers (Special) to libinit2.o(.ARM.Collect$$libinit$$00000033) for __rt_lib_init_return
    libinit.o(.ARM.Collect$$libinit$$00000000) refers (Special) to libinit2.o(.ARM.Collect$$libinit$$0000001D) for __rt_lib_init_signal_1
    libinit.o(.ARM.Collect$$libinit$$00000000) refers (Special) to libinit2.o(.ARM.Collect$$libinit$$00000025) for __rt_lib_init_stdio_1
    libinit.o(.ARM.Collect$$libinit$$00000000) refers (Special) to libinit2.o(.ARM.Collect$$libinit$$0000000C) for __rt_lib_init_user_alloc_1
    libspace.o(.text) refers to libspace.o(.bss) for __libspace_start
    rtexit.o(.ARM.Collect$$rtexit$$00000000) refers (Special) to rtexit2.o(.ARM.Collect$$rtexit$$00000004) for __rt_exit_exit
    rtexit.o(.ARM.Collect$$rtexit$$00000000) refers (Special) to rtexit2.o(.ARM.Collect$$rtexit$$00000003) for __rt_exit_ls
    rtexit.o(.ARM.Collect$$rtexit$$00000000) refers (Special) to rtexit2.o(.ARM.Collect$$rtexit$$00000002) for __rt_exit_prels_1
    rtexit.o(.ARM.exidx) refers (Special) to rtexit2.o(.ARM.Collect$$rtexit$$00000004) for __rt_exit_exit
    rtexit.o(.ARM.exidx) refers (Special) to rtexit2.o(.ARM.Collect$$rtexit$$00000003) for __rt_exit_ls
    rtexit.o(.ARM.exidx) refers (Special) to rtexit2.o(.ARM.Collect$$rtexit$$00000002) for __rt_exit_prels_1
    rtexit.o(.ARM.exidx) refers to rtexit.o(.ARM.Collect$$rtexit$$00000000) for .ARM.Collect$$rtexit$$00000000
    libinit2.o(.ARM.Collect$$libinit$$00000001) refers to fpinit.o(x$fpl$fpinit) for _fp_init
    libinit2.o(.ARM.Collect$$libinit$$00000010) refers to libinit2.o(.ARM.Collect$$libinit$$0000000F) for .ARM.Collect$$libinit$$0000000F
    libinit2.o(.ARM.Collect$$libinit$$00000012) refers to libinit2.o(.ARM.Collect$$libinit$$0000000F) for .ARM.Collect$$libinit$$0000000F
    libinit2.o(.ARM.Collect$$libinit$$00000014) refers to libinit2.o(.ARM.Collect$$libinit$$0000000F) for .ARM.Collect$$libinit$$0000000F
    libinit2.o(.ARM.Collect$$libinit$$00000016) refers to libinit2.o(.ARM.Collect$$libinit$$0000000F) for .ARM.Collect$$libinit$$0000000F
    libinit2.o(.ARM.Collect$$libinit$$00000018) refers to libinit2.o(.ARM.Collect$$libinit$$0000000F) for .ARM.Collect$$libinit$$0000000F
    libinit2.o(.ARM.Collect$$libinit$$00000026) refers to argv_veneer.o(.emb_text) for __ARM_argv_veneer
    libinit2.o(.ARM.Collect$$libinit$$00000027) refers to argv_veneer.o(.emb_text) for __ARM_argv_veneer
    rtexit2.o(.ARM.Collect$$rtexit$$00000003) refers to libshutdown.o(.ARM.Collect$$libshutdown$$00000000) for __rt_lib_shutdown
    rtexit2.o(.ARM.Collect$$rtexit$$00000004) refers to sys_exit.o(.text) for _sys_exit
    rtexit2.o(.ARM.exidx) refers to rtexit2.o(.ARM.Collect$$rtexit$$00000001) for .ARM.Collect$$rtexit$$00000001
    rtexit2.o(.ARM.exidx) refers to rtexit2.o(.ARM.Collect$$rtexit$$00000003) for .ARM.Collect$$rtexit$$00000003
    rtexit2.o(.ARM.exidx) refers to rtexit2.o(.ARM.Collect$$rtexit$$00000004) for .ARM.Collect$$rtexit$$00000004
    argv_veneer.o(.emb_text) refers to no_argv.o(.text) for __ARM_get_argv
    sys_exit.o(.text) refers (Special) to use_no_semi.o(.text) for __I$use$semihosting
    sys_exit.o(.text) refers (Special) to indicate_semi.o(.text) for __semihosting_library_function
    _get_argv_nomalloc.o(.text) refers (Special) to hrguard.o(.text) for __heap_region$guard
    _get_argv_nomalloc.o(.text) refers to defsig_rtmem_outer.o(.text) for __rt_SIGRTMEM
    _get_argv_nomalloc.o(.text) refers to sys_command.o(.text) for _sys_command_string
    libshutdown.o(.ARM.Collect$$libshutdown$$00000000) refers (Special) to libshutdown2.o(.ARM.Collect$$libshutdown$$00000002) for __rt_lib_shutdown_cpp_1
    libshutdown.o(.ARM.Collect$$libshutdown$$00000000) refers (Special) to libshutdown2.o(.ARM.Collect$$libshutdown$$00000007) for __rt_lib_shutdown_fp_trap_1
    libshutdown.o(.ARM.Collect$$libshutdown$$00000000) refers (Special) to libshutdown2.o(.ARM.Collect$$libshutdown$$0000000F) for __rt_lib_shutdown_heap_1
    libshutdown.o(.ARM.Collect$$libshutdown$$00000000) refers (Special) to libshutdown2.o(.ARM.Collect$$libshutdown$$00000010) for __rt_lib_shutdown_return
    libshutdown.o(.ARM.Collect$$libshutdown$$00000000) refers (Special) to libshutdown2.o(.ARM.Collect$$libshutdown$$0000000A) for __rt_lib_shutdown_signal_1
    libshutdown.o(.ARM.Collect$$libshutdown$$00000000) refers (Special) to libshutdown2.o(.ARM.Collect$$libshutdown$$00000004) for __rt_lib_shutdown_stdio_1
    libshutdown.o(.ARM.Collect$$libshutdown$$00000000) refers (Special) to libshutdown2.o(.ARM.Collect$$libshutdown$$0000000C) for __rt_lib_shutdown_user_alloc_1
    sys_command.o(.text) refers (Special) to use_no_semi.o(.text) for __I$use$semihosting
    sys_command.o(.text) refers (Special) to indicate_semi.o(.text) for __semihosting_library_function
    defsig_rtmem_outer.o(.text) refers to defsig_rtmem_inner.o(.text) for __rt_SIGRTMEM_inner
    defsig_rtmem_outer.o(.text) refers to defsig_exit.o(.text) for __sig_exit
    defsig_rtmem_formal.o(.text) refers to rt_raise.o(.text) for __rt_raise
    rt_raise.o(.text) refers to __raise.o(.text) for __raise
    rt_raise.o(.text) refers to sys_exit.o(.text) for _sys_exit
    defsig_exit.o(.text) refers to sys_exit.o(.text) for _sys_exit
    defsig_rtmem_inner.o(.text) refers to defsig_general.o(.text) for __default_signal_display
    __raise.o(.text) refers to defsig.o(CL$$defsig) for __default_signal_handler
    defsig_general.o(.text) refers to sys_wrch.o(.text) for _ttywrch
    sys_wrch.o(.text) refers (Special) to use_no_semi.o(.text) for __I$use$semihosting
    sys_wrch.o(.text) refers (Special) to indicate_semi.o(.text) for __semihosting_library_function
    defsig.o(CL$$defsig) refers to defsig_rtmem_inner.o(.text) for __rt_SIGRTMEM_inner
    defsig_abrt_inner.o(.text) refers to defsig_general.o(.text) for __default_signal_display
    defsig_fpe_inner.o(.text) refers to defsig_general.o(.text) for __default_signal_display
    defsig_rtred_inner.o(.text) refers to defsig_general.o(.text) for __default_signal_display
    defsig_stak_inner.o(.text) refers to defsig_general.o(.text) for __default_signal_display
    defsig_pvfn_inner.o(.text) refers to defsig_general.o(.text) for __default_signal_display
    defsig_cppl_inner.o(.text) refers to defsig_general.o(.text) for __default_signal_display
    defsig_segv_inner.o(.text) refers to defsig_general.o(.text) for __default_signal_display
    defsig_other.o(.text) refers to defsig_general.o(.text) for __default_signal_display


==============================================================================

Removing Unused input sections from the image.

    Removing adc.o(.text), (1144 bytes).
    Removing adc.o(.data), (6 bytes).
    Removing aes.o(.text), (864 bytes).
    Removing can.o(.text), (1628 bytes).
    Removing can.o(.constdata), (32 bytes).
    Removing comp.o(.text), (162 bytes).
    Removing crc.o(.text), (102 bytes).
    Removing des.o(.text), (448 bytes).
    Removing eeprom.o(.text), (900 bytes).
    Removing emac.o(.text), (2292 bytes).
    Removing emac.o(.constdata), (24 bytes).
    Removing epi.o(.text), (872 bytes).
    Removing flash.o(.text), (724 bytes).
    Removing flash.o(.constdata), (128 bytes).
    Removing fpu.o(.text), (164 bytes).
    Removing hibernate.o(.text), (2004 bytes).
    Removing i2c.o(.text), (964 bytes).
    Removing i2c.o(.constdata), (128 bytes).
    Removing lcd.o(.text), (832 bytes).
    Removing mpu.o(.text), (180 bytes).
    Removing onewire.o(.text), (356 bytes).
    Removing pwm.o(.text), (1118 bytes).
    Removing qei.o(.text), (320 bytes).
    Removing shamd5.o(.text), (832 bytes).
    Removing ssi.o(.text), (472 bytes).
    Removing ssi.o(.constdata), (64 bytes).
    Removing sw_crc.o(.text), (724 bytes).
    Removing sw_crc.o(.constdata), (1792 bytes).
    Removing sysexc.o(.text), (156 bytes).
    Removing systick.o(.text), (156 bytes).
    Removing timer.o(.text), (804 bytes).
    Removing timer.o(.constdata), (160 bytes).
    Removing usb.o(.text), (3740 bytes).
    Removing watchdog.o(.text), (200 bytes).

34 unused section(s) (total 24492 bytes) removed from the image.

==============================================================================

Image Symbol Table

    Local Symbols

    Symbol Name                              Value     Ov Type        Size  Object(Section)

    RESET                                    0x00000000   Section      648  startup_rvmdk.o(RESET)
    ../clib/angel/boardlib.s                 0x00000000   Number         0  boardshut.o ABSOLUTE
    ../clib/angel/boardlib.s                 0x00000000   Number         0  boardinit3.o ABSOLUTE
    ../clib/angel/boardlib.s                 0x00000000   Number         0  boardinit2.o ABSOLUTE
    ../clib/angel/boardlib.s                 0x00000000   Number         0  boardinit1.o ABSOLUTE
    ../clib/angel/dczerorl.s                 0x00000000   Number         0  __dczerorl.o ABSOLUTE
    ../clib/angel/handlers.s                 0x00000000   Number         0  __scatter_zi.o ABSOLUTE
    ../clib/angel/kernel.s                   0x00000000   Number         0  __rtentry2.o ABSOLUTE
    ../clib/angel/kernel.s                   0x00000000   Number         0  __rtentry.o ABSOLUTE
    ../clib/angel/kernel.s                   0x00000000   Number         0  rtexit2.o ABSOLUTE
    ../clib/angel/kernel.s                   0x00000000   Number         0  rtexit.o ABSOLUTE
    ../clib/angel/kernel.s                   0x00000000   Number         0  __rtentry4.o ABSOLUTE
    ../clib/angel/rt.s                       0x00000000   Number         0  rt_raise.o ABSOLUTE
    ../clib/angel/scatter.s                  0x00000000   Number         0  __scatter.o ABSOLUTE
    ../clib/angel/startup.s                  0x00000000   Number         0  __main.o ABSOLUTE
    ../clib/angel/sys.s                      0x00000000   Number         0  libspace.o ABSOLUTE
    ../clib/angel/sys.s                      0x00000000   Number         0  use_no_semi.o ABSOLUTE
    ../clib/angel/sys.s                      0x00000000   Number         0  sys_stackheap_outer.o ABSOLUTE
    ../clib/angel/sys.s                      0x00000000   Number         0  indicate_semi.o ABSOLUTE
    ../clib/angel/sysapp.c                   0x00000000   Number         0  sys_command.o ABSOLUTE
    ../clib/angel/sysapp.c                   0x00000000   Number         0  sys_exit.o ABSOLUTE
    ../clib/angel/sysapp.c                   0x00000000   Number         0  sys_wrch.o ABSOLUTE
    ../clib/armsys.c                         0x00000000   Number         0  argv_veneer.o ABSOLUTE
    ../clib/armsys.c                         0x00000000   Number         0  argv_veneer.o ABSOLUTE
    ../clib/armsys.c                         0x00000000   Number         0  _get_argv_nomalloc.o ABSOLUTE
    ../clib/armsys.c                         0x00000000   Number         0  no_argv.o ABSOLUTE
    ../clib/heapalloc.c                      0x00000000   Number         0  hrguard.o ABSOLUTE
    ../clib/heapaux.c                        0x00000000   Number         0  heapauxi.o ABSOLUTE
    ../clib/libinit.s                        0x00000000   Number         0  libinit2.o ABSOLUTE
    ../clib/libinit.s                        0x00000000   Number         0  libinit.o ABSOLUTE
    ../clib/libinit.s                        0x00000000   Number         0  libshutdown.o ABSOLUTE
    ../clib/libinit.s                        0x00000000   Number         0  libshutdown2.o ABSOLUTE
    ../clib/signal.c                         0x00000000   Number         0  defsig_stak_inner.o ABSOLUTE
    ../clib/signal.c                         0x00000000   Number         0  defsig_rtred_inner.o ABSOLUTE
    ../clib/signal.c                         0x00000000   Number         0  defsig_fpe_inner.o ABSOLUTE
    ../clib/signal.c                         0x00000000   Number         0  defsig_exit.o ABSOLUTE
    ../clib/signal.c                         0x00000000   Number         0  __raise.o ABSOLUTE
    ../clib/signal.c                         0x00000000   Number         0  defsig_rtmem_inner.o ABSOLUTE
    ../clib/signal.c                         0x00000000   Number         0  defsig_general.o ABSOLUTE
    ../clib/signal.c                         0x00000000   Number         0  defsig_other.o ABSOLUTE
    ../clib/signal.c                         0x00000000   Number         0  defsig_abrt_inner.o ABSOLUTE
    ../clib/signal.c                         0x00000000   Number         0  defsig_segv_inner.o ABSOLUTE
    ../clib/signal.c                         0x00000000   Number         0  defsig_rtmem_outer.o ABSOLUTE
    ../clib/signal.c                         0x00000000   Number         0  defsig_rtmem_formal.o ABSOLUTE
    ../clib/signal.c                         0x00000000   Number         0  defsig_cppl_inner.o ABSOLUTE
    ../clib/signal.c                         0x00000000   Number         0  defsig_pvfn_inner.o ABSOLUTE
    ../clib/signal.s                         0x00000000   Number         0  defsig.o ABSOLUTE
    ../clib/stdlib.c                         0x00000000   Number         0  exit.o ABSOLUTE
    ../fplib/fpinit.s                        0x00000000   Number         0  fpinit.o ABSOLUTE
    Startup\startup_rvmdk.S                  0x00000000   Number         0  startup_rvmdk.o ABSOLUTE
    User\Myuart.c                            0x00000000   Number         0  myuart.o ABSOLUTE
    User\eagle.c                             0x00000000   Number         0  eagle.o ABSOLUTE
    User\main.c                              0x00000000   Number         0  main.o ABSOLUTE
    User\sccb.c                              0x00000000   Number         0  sccb.o ABSOLUTE
    dc.s                                     0x00000000   Number         0  dc.o ABSOLUTE
    driverlib\\cpu.c                         0x00000000   Number         0  cpu.o ABSOLUTE
    driverlib\\sysctl.c                      0x00000000   Number         0  sysctl.o ABSOLUTE
    driverlib\adc.c                          0x00000000   Number         0  adc.o ABSOLUTE
    driverlib\aes.c                          0x00000000   Number         0  aes.o ABSOLUTE
    driverlib\can.c                          0x00000000   Number         0  can.o ABSOLUTE
    driverlib\comp.c                         0x00000000   Number         0  comp.o ABSOLUTE
    driverlib\cpu.c                          0x00000000   Number         0  cpu.o ABSOLUTE
    driverlib\crc.c                          0x00000000   Number         0  crc.o ABSOLUTE
    driverlib\des.c                          0x00000000   Number         0  des.o ABSOLUTE
    driverlib\eeprom.c                       0x00000000   Number         0  eeprom.o ABSOLUTE
    driverlib\emac.c                         0x00000000   Number         0  emac.o ABSOLUTE
    driverlib\epi.c                          0x00000000   Number         0  epi.o ABSOLUTE
    driverlib\flash.c                        0x00000000   Number         0  flash.o ABSOLUTE
    driverlib\fpu.c                          0x00000000   Number         0  fpu.o ABSOLUTE
    driverlib\gpio.c                         0x00000000   Number         0  gpio.o ABSOLUTE
    driverlib\hibernate.c                    0x00000000   Number         0  hibernate.o ABSOLUTE
    driverlib\i2c.c                          0x00000000   Number         0  i2c.o ABSOLUTE
    driverlib\interrupt.c                    0x00000000   Number         0  interrupt.o ABSOLUTE
    driverlib\lcd.c                          0x00000000   Number         0  lcd.o ABSOLUTE
    driverlib\mpu.c                          0x00000000   Number         0  mpu.o ABSOLUTE
    driverlib\onewire.c                      0x00000000   Number         0  onewire.o ABSOLUTE
    driverlib\pwm.c                          0x00000000   Number         0  pwm.o ABSOLUTE
    driverlib\qei.c                          0x00000000   Number         0  qei.o ABSOLUTE
    driverlib\shamd5.c                       0x00000000   Number         0  shamd5.o ABSOLUTE
    driverlib\ssi.c                          0x00000000   Number         0  ssi.o ABSOLUTE
    driverlib\sw_crc.c                       0x00000000   Number         0  sw_crc.o ABSOLUTE
    driverlib\sysctl.c                       0x00000000   Number         0  sysctl.o ABSOLUTE
    driverlib\sysexc.c                       0x00000000   Number         0  sysexc.o ABSOLUTE
    driverlib\systick.c                      0x00000000   Number         0  systick.o ABSOLUTE
    driverlib\timer.c                        0x00000000   Number         0  timer.o ABSOLUTE
    driverlib\uart.c                         0x00000000   Number         0  uart.o ABSOLUTE
    driverlib\udma.c                         0x00000000   Number         0  udma.o ABSOLUTE
    driverlib\usb.c                          0x00000000   Number         0  usb.o ABSOLUTE
    driverlib\watchdog.c                     0x00000000   Number         0  watchdog.o ABSOLUTE
    $v0                                      0x0000026c   Number         0  startup_rvmdk.o(RESET)
    NmiSR                                    0x00000281   Thumb Code     0  startup_rvmdk.o(RESET)
    FaultISR                                 0x00000283   Thumb Code     0  startup_rvmdk.o(RESET)
    IntDefaultHandler                        0x00000285   Thumb Code     0  startup_rvmdk.o(RESET)
    !!!main                                  0x00000288   Section        8  __main.o(!!!main)
    !!!scatter                               0x00000290   Section       52  __scatter.o(!!!scatter)
    !!dczerorl                               0x000002c4   Section       58  __dczerorl.o(!!dczerorl)
    !!handler_zi                             0x00000300   Section       28  __scatter_zi.o(!!handler_zi)
    .ARM.Collect$$libinit$$00000000          0x0000031c   Section        2  libinit.o(.ARM.Collect$$libinit$$00000000)
    .ARM.Collect$$libinit$$00000001          0x0000031e   Section        4  libinit2.o(.ARM.Collect$$libinit$$00000001)
    .ARM.Collect$$libinit$$00000004          0x00000322   Section        0  libinit2.o(.ARM.Collect$$libinit$$00000004)
    .ARM.Collect$$libinit$$0000000A          0x00000322   Section        0  libinit2.o(.ARM.Collect$$libinit$$0000000A)
    .ARM.Collect$$libinit$$0000000C          0x00000322   Section        0  libinit2.o(.ARM.Collect$$libinit$$0000000C)
    .ARM.Collect$$libinit$$0000000E          0x00000322   Section        0  libinit2.o(.ARM.Collect$$libinit$$0000000E)
    .ARM.Collect$$libinit$$00000011          0x00000322   Section        0  libinit2.o(.ARM.Collect$$libinit$$00000011)
    .ARM.Collect$$libinit$$00000013          0x00000322   Section        0  libinit2.o(.ARM.Collect$$libinit$$00000013)
    .ARM.Collect$$libinit$$00000015          0x00000322   Section        0  libinit2.o(.ARM.Collect$$libinit$$00000015)
    .ARM.Collect$$libinit$$00000017          0x00000322   Section        0  libinit2.o(.ARM.Collect$$libinit$$00000017)
    .ARM.Collect$$libinit$$00000019          0x00000322   Section        0  libinit2.o(.ARM.Collect$$libinit$$00000019)
    .ARM.Collect$$libinit$$0000001B          0x00000322   Section        0  libinit2.o(.ARM.Collect$$libinit$$0000001B)
    .ARM.Collect$$libinit$$0000001D          0x00000322   Section        0  libinit2.o(.ARM.Collect$$libinit$$0000001D)
    .ARM.Collect$$libinit$$0000001F          0x00000322   Section        0  libinit2.o(.ARM.Collect$$libinit$$0000001F)
    .ARM.Collect$$libinit$$00000021          0x00000322   Section        0  libinit2.o(.ARM.Collect$$libinit$$00000021)
    .ARM.Collect$$libinit$$00000023          0x00000322   Section        0  libinit2.o(.ARM.Collect$$libinit$$00000023)
    .ARM.Collect$$libinit$$00000025          0x00000322   Section        0  libinit2.o(.ARM.Collect$$libinit$$00000025)
    .ARM.Collect$$libinit$$0000002C          0x00000322   Section        0  libinit2.o(.ARM.Collect$$libinit$$0000002C)
    .ARM.Collect$$libinit$$0000002E          0x00000322   Section        0  libinit2.o(.ARM.Collect$$libinit$$0000002E)
    .ARM.Collect$$libinit$$00000030          0x00000322   Section        0  libinit2.o(.ARM.Collect$$libinit$$00000030)
    .ARM.Collect$$libinit$$00000032          0x00000322   Section        0  libinit2.o(.ARM.Collect$$libinit$$00000032)
    .ARM.Collect$$libinit$$00000033          0x00000322   Section        2  libinit2.o(.ARM.Collect$$libinit$$00000033)
    .ARM.Collect$$libshutdown$$00000000      0x00000324   Section        2  libshutdown.o(.ARM.Collect$$libshutdown$$00000000)
    .ARM.Collect$$libshutdown$$00000002      0x00000326   Section        0  libshutdown2.o(.ARM.Collect$$libshutdown$$00000002)
    .ARM.Collect$$libshutdown$$00000004      0x00000326   Section        0  libshutdown2.o(.ARM.Collect$$libshutdown$$00000004)
    .ARM.Collect$$libshutdown$$00000007      0x00000326   Section        0  libshutdown2.o(.ARM.Collect$$libshutdown$$00000007)
    .ARM.Collect$$libshutdown$$0000000A      0x00000326   Section        0  libshutdown2.o(.ARM.Collect$$libshutdown$$0000000A)
    .ARM.Collect$$libshutdown$$0000000C      0x00000326   Section        0  libshutdown2.o(.ARM.Collect$$libshutdown$$0000000C)
    .ARM.Collect$$libshutdown$$0000000F      0x00000326   Section        0  libshutdown2.o(.ARM.Collect$$libshutdown$$0000000F)
    .ARM.Collect$$libshutdown$$00000010      0x00000326   Section        2  libshutdown2.o(.ARM.Collect$$libshutdown$$00000010)
    .ARM.Collect$$rtentry$$00000000          0x00000328   Section        0  __rtentry.o(.ARM.Collect$$rtentry$$00000000)
    .ARM.Collect$$rtentry$$00000002          0x00000328   Section        0  __rtentry2.o(.ARM.Collect$$rtentry$$00000002)
    .ARM.Collect$$rtentry$$00000004          0x00000328   Section        6  __rtentry4.o(.ARM.Collect$$rtentry$$00000004)
    .ARM.Collect$$rtentry$$00000009          0x0000032e   Section        0  __rtentry2.o(.ARM.Collect$$rtentry$$00000009)
    .ARM.Collect$$rtentry$$0000000A          0x0000032e   Section        4  __rtentry2.o(.ARM.Collect$$rtentry$$0000000A)
    .ARM.Collect$$rtentry$$0000000C          0x00000332   Section        0  __rtentry2.o(.ARM.Collect$$rtentry$$0000000C)
    .ARM.Collect$$rtentry$$0000000D          0x00000332   Section        8  __rtentry2.o(.ARM.Collect$$rtentry$$0000000D)
    .ARM.Collect$$rtexit$$00000000           0x0000033a   Section        2  rtexit.o(.ARM.Collect$$rtexit$$00000000)
    .ARM.Collect$$rtexit$$00000002           0x0000033c   Section        0  rtexit2.o(.ARM.Collect$$rtexit$$00000002)
    .ARM.Collect$$rtexit$$00000003           0x0000033c   Section        4  rtexit2.o(.ARM.Collect$$rtexit$$00000003)
    .ARM.Collect$$rtexit$$00000004           0x00000340   Section        6  rtexit2.o(.ARM.Collect$$rtexit$$00000004)
    .emb_text                                0x00000348   Section       38  cpu.o(.emb_text)
    $v0                                      0x00000348   Number         0  cpu.o(.emb_text)
    .emb_text                                0x00000370   Section        6  sysctl.o(.emb_text)
    $v0                                      0x00000370   Number         0  sysctl.o(.emb_text)
    .text                                    0x00000378   Section        0  main.o(.text)
    .text                                    0x000003d0   Section        0  eagle.o(.text)
    .text                                    0x000005e8   Section        0  myuart.o(.text)
    .text                                    0x0000068c   Section        0  sccb.o(.text)
    SCCB_delay                               0x0000068d   Thumb Code    24  sccb.o(.text)
    SCCB_Start                               0x000006cb   Thumb Code   108  sccb.o(.text)
    SCCB_Stop                                0x00000737   Thumb Code    54  sccb.o(.text)
    SCCB_Ack                                 0x0000076d   Thumb Code    66  sccb.o(.text)
    SCCB_NoAck                               0x000007af   Thumb Code    64  sccb.o(.text)
    SCCB_WaitAck                             0x000007ef   Thumb Code    90  sccb.o(.text)
    SCCB_SendByte                            0x00000849   Thumb Code    76  sccb.o(.text)
    SCCB_ReceiveByte                         0x00000895   Thumb Code    94  sccb.o(.text)
    SCCB_WriteByte_one                       0x000008f3   Thumb Code    64  sccb.o(.text)
    SCCB_ReadByte_one                        0x00000959   Thumb Code   122  sccb.o(.text)
    .text                                    0x00000a08   Section        0  gpio.o(.text)
    _GPIOIntNumberGet                        0x00000a09   Thumb Code    56  gpio.o(.text)
    .text                                    0x000011e4   Section        0  interrupt.o(.text)
    _IntDefaultHandler                       0x000011e5   Thumb Code     4  interrupt.o(.text)
    .text                                    0x00001514   Section        0  sysctl.o(.text)
    _SysCtlMemTimingGet                      0x00001515   Thumb Code    36  sysctl.o(.text)
    _SysCtlFrequencyGet                      0x00001539   Thumb Code    96  sysctl.o(.text)
    .text                                    0x00002100   Section        0  uart.o(.text)
    _UARTIntNumberGet                        0x00002101   Thumb Code    56  uart.o(.text)
    .text                                    0x00002438   Section        0  udma.o(.text)
    .text                                    0x00002768   Section       24  startup_rvmdk.o(.text)
    $v0                                      0x00002768   Number         0  startup_rvmdk.o(.text)
    .text                                    0x00002780   Section        0  heapauxi.o(.text)
    .text                                    0x00002786   Section       74  sys_stackheap_outer.o(.text)
    .text                                    0x000027d0   Section        0  exit.o(.text)
    .text                                    0x000027e4   Section        8  libspace.o(.text)
    .text                                    0x000027ec   Section        0  sys_exit.o(.text)
    .text                                    0x000027f8   Section        2  use_no_semi.o(.text)
    .text                                    0x000027fa   Section        0  indicate_semi.o(.text)
    x$fpl$fpinit                             0x000027fa   Section       10  fpinit.o(x$fpl$fpinit)
    $v0                                      0x000027fa   Number         0  fpinit.o(x$fpl$fpinit)
    .constdata                               0x00002804   Section      552  gpio.o(.constdata)
    g_ppui32GPIOIntMapBlizzard               0x00002804   Data         192  gpio.o(.constdata)
    g_ppui32GPIOIntMapSnowflake              0x000028c4   Data         216  gpio.o(.constdata)
    g_pui32GPIOBaseAddrs                     0x0000299c   Data         144  gpio.o(.constdata)
    .constdata                               0x00002a2c   Section      268  interrupt.o(.constdata)
    g_pui32Priority                          0x00002a2c   Data          32  interrupt.o(.constdata)
    g_pui32Regs                              0x00002a4c   Data         156  interrupt.o(.constdata)
    g_pui32EnRegs                            0x00002ae8   Data          20  interrupt.o(.constdata)
    g_pui32Dii16Regs                         0x00002afc   Data          20  interrupt.o(.constdata)
    g_pui32PendRegs                          0x00002b10   Data          20  interrupt.o(.constdata)
    g_pui32UnpendRegs                        0x00002b24   Data          20  interrupt.o(.constdata)
    .constdata                               0x00002b38   Section      596  sysctl.o(.constdata)
    g_pui32Xtals                             0x00002b38   Data         108  sysctl.o(.constdata)
    g_pppui32XTALtoVCO                       0x00002ba4   Data         432  sysctl.o(.constdata)
    g_sXTALtoMEMTIM                          0x00002d54   Data          48  sysctl.o(.constdata)
    g_pui32VCOFrequencies                    0x00002d84   Data           8  sysctl.o(.constdata)
    .constdata                               0x00002d8c   Section      128  uart.o(.constdata)
    g_ppui32UARTIntMap                       0x00002d8c   Data          64  uart.o(.constdata)
    g_ppui32UARTIntMapSnowflake              0x00002dcc   Data          64  uart.o(.constdata)
    .data                                    0x20000000   Section       99  eagle.o(.data)
    vtable                                   0x20000400   Section      620  interrupt.o(vtable)
    g_pfnRAMVectors                          0x20000400   Data         620  interrupt.o(vtable)
    .bss                                     0x2000066c   Section     5400  main.o(.bss)
    .bss                                     0x20001b84   Section     1024  eagle.o(.bss)
    .bss                                     0x20001f84   Section       96  libspace.o(.bss)
    HEAP                                     0x20001fe8   Section        0  startup_rvmdk.o(HEAP)
    STACK                                    0x20001fe8   Section      256  startup_rvmdk.o(STACK)
    HeapMem                                  0x20001fe8   Data           0  startup_rvmdk.o(HEAP)
    StackMem                                 0x20001fe8   Data           0  startup_rvmdk.o(STACK)

    Global Symbols

    Symbol Name                              Value     Ov Type        Size  Object(Section)

    BuildAttributes$$THM_ISAv4$E$P$D$K$B$S$7EM$VFPi3$EXTD16$VFPS$VFMA$PE$A:L22UL41UL21$X:L11$S22US41US21$IEEE1$IW$USESV6$~STKCKD$USESV7$~SHL$OSPACE$ROPI$EBA8$UX$STANDARDLIB$REQ8$PRES8$EABIv2 0x00000000   Number         0  anon$$obj.o ABSOLUTE
    __ARM_use_no_argv                        0x00000000   Number         0  main.o ABSOLUTE
    __Vectors                                0x00000000   Data           0  startup_rvmdk.o(RESET)
    __ARM_exceptions_init                     - Undefined Weak Reference
    __alloca_initialize                       - Undefined Weak Reference
    __arm_preinit_                            - Undefined Weak Reference
    __cpp_initialize__aeabi_                  - Undefined Weak Reference
    __cxa_finalize                            - Undefined Weak Reference
    __rt_locale                               - Undefined Weak Reference
    __sigvec_lookup                           - Undefined Weak Reference
    _atexit_init                              - Undefined Weak Reference
    _call_atexit_fns                          - Undefined Weak Reference
    _clock_init                               - Undefined Weak Reference
    _fp_trap_init                             - Undefined Weak Reference
    _fp_trap_shutdown                         - Undefined Weak Reference
    _get_lc_collate                           - Undefined Weak Reference
    _get_lc_ctype                             - Undefined Weak Reference
    _get_lc_monetary                          - Undefined Weak Reference
    _get_lc_numeric                           - Undefined Weak Reference
    _get_lc_time                              - Undefined Weak Reference
    _getenv_init                              - Undefined Weak Reference
    _handle_redirection                       - Undefined Weak Reference
    _init_alloc                               - Undefined Weak Reference
    _init_user_alloc                          - Undefined Weak Reference
    _initio                                   - Undefined Weak Reference
    _rand_init                                - Undefined Weak Reference
    _signal_finish                            - Undefined Weak Reference
    _signal_init                              - Undefined Weak Reference
    _terminate_alloc                          - Undefined Weak Reference
    _terminate_user_alloc                     - Undefined Weak Reference
    _terminateio                              - Undefined Weak Reference
    Reset_Handler                            0x0000026d   Thumb Code     0  startup_rvmdk.o(RESET)
    __main                                   0x00000289   Thumb Code     8  __main.o(!!!main)
    __scatterload                            0x00000291   Thumb Code     0  __scatter.o(!!!scatter)
    __scatterload_rt2                        0x00000291   Thumb Code    44  __scatter.o(!!!scatter)
    __scatterload_rt2_thumb_only             0x00000291   Thumb Code     0  __scatter.o(!!!scatter)
    __scatterload_null                       0x0000029f   Thumb Code     0  __scatter.o(!!!scatter)
    __decompress                             0x000002c5   Thumb Code    58  __dczerorl.o(!!dczerorl)
    __decompress0                            0x000002c5   Thumb Code     0  __dczerorl.o(!!dczerorl)
    __scatterload_zeroinit                   0x00000301   Thumb Code    28  __scatter_zi.o(!!handler_zi)
    __rt_lib_init                            0x0000031d   Thumb Code     0  libinit.o(.ARM.Collect$$libinit$$00000000)
    __rt_lib_init_fp_1                       0x0000031f   Thumb Code     0  libinit2.o(.ARM.Collect$$libinit$$00000001)
    __rt_lib_init_alloca_1                   0x00000323   Thumb Code     0  libinit2.o(.ARM.Collect$$libinit$$0000002E)
    __rt_lib_init_argv_1                     0x00000323   Thumb Code     0  libinit2.o(.ARM.Collect$$libinit$$0000002C)
    __rt_lib_init_atexit_1                   0x00000323   Thumb Code     0  libinit2.o(.ARM.Collect$$libinit$$0000001B)
    __rt_lib_init_clock_1                    0x00000323   Thumb Code     0  libinit2.o(.ARM.Collect$$libinit$$00000021)
    __rt_lib_init_cpp_1                      0x00000323   Thumb Code     0  libinit2.o(.ARM.Collect$$libinit$$00000032)
    __rt_lib_init_exceptions_1               0x00000323   Thumb Code     0  libinit2.o(.ARM.Collect$$libinit$$00000030)
    __rt_lib_init_fp_trap_1                  0x00000323   Thumb Code     0  libinit2.o(.ARM.Collect$$libinit$$0000001F)
    __rt_lib_init_getenv_1                   0x00000323   Thumb Code     0  libinit2.o(.ARM.Collect$$libinit$$00000023)
    __rt_lib_init_heap_1                     0x00000323   Thumb Code     0  libinit2.o(.ARM.Collect$$libinit$$0000000A)
    __rt_lib_init_lc_collate_1               0x00000323   Thumb Code     0  libinit2.o(.ARM.Collect$$libinit$$00000011)
    __rt_lib_init_lc_ctype_1                 0x00000323   Thumb Code     0  libinit2.o(.ARM.Collect$$libinit$$00000013)
    __rt_lib_init_lc_monetary_1              0x00000323   Thumb Code     0  libinit2.o(.ARM.Collect$$libinit$$00000015)
    __rt_lib_init_lc_numeric_1               0x00000323   Thumb Code     0  libinit2.o(.ARM.Collect$$libinit$$00000017)
    __rt_lib_init_lc_time_1                  0x00000323   Thumb Code     0  libinit2.o(.ARM.Collect$$libinit$$00000019)
    __rt_lib_init_preinit_1                  0x00000323   Thumb Code     0  libinit2.o(.ARM.Collect$$libinit$$00000004)
    __rt_lib_init_rand_1                     0x00000323   Thumb Code     0  libinit2.o(.ARM.Collect$$libinit$$0000000E)
    __rt_lib_init_return                     0x00000323   Thumb Code     0  libinit2.o(.ARM.Collect$$libinit$$00000033)
    __rt_lib_init_signal_1                   0x00000323   Thumb Code     0  libinit2.o(.ARM.Collect$$libinit$$0000001D)
    __rt_lib_init_stdio_1                    0x00000323   Thumb Code     0  libinit2.o(.ARM.Collect$$libinit$$00000025)
    __rt_lib_init_user_alloc_1               0x00000323   Thumb Code     0  libinit2.o(.ARM.Collect$$libinit$$0000000C)
    __rt_lib_shutdown                        0x00000325   Thumb Code     0  libshutdown.o(.ARM.Collect$$libshutdown$$00000000)
    __rt_lib_shutdown_cpp_1                  0x00000327   Thumb Code     0  libshutdown2.o(.ARM.Collect$$libshutdown$$00000002)
    __rt_lib_shutdown_fp_trap_1              0x00000327   Thumb Code     0  libshutdown2.o(.ARM.Collect$$libshutdown$$00000007)
    __rt_lib_shutdown_heap_1                 0x00000327   Thumb Code     0  libshutdown2.o(.ARM.Collect$$libshutdown$$0000000F)
    __rt_lib_shutdown_return                 0x00000327   Thumb Code     0  libshutdown2.o(.ARM.Collect$$libshutdown$$00000010)
    __rt_lib_shutdown_signal_1               0x00000327   Thumb Code     0  libshutdown2.o(.ARM.Collect$$libshutdown$$0000000A)
    __rt_lib_shutdown_stdio_1                0x00000327   Thumb Code     0  libshutdown2.o(.ARM.Collect$$libshutdown$$00000004)
    __rt_lib_shutdown_user_alloc_1           0x00000327   Thumb Code     0  libshutdown2.o(.ARM.Collect$$libshutdown$$0000000C)
    __rt_entry                               0x00000329   Thumb Code     0  __rtentry.o(.ARM.Collect$$rtentry$$00000000)
    __rt_entry_presh_1                       0x00000329   Thumb Code     0  __rtentry2.o(.ARM.Collect$$rtentry$$00000002)
    __rt_entry_sh                            0x00000329   Thumb Code     0  __rtentry4.o(.ARM.Collect$$rtentry$$00000004)
    __rt_entry_li                            0x0000032f   Thumb Code     0  __rtentry2.o(.ARM.Collect$$rtentry$$0000000A)
    __rt_entry_postsh_1                      0x0000032f   Thumb Code     0  __rtentry2.o(.ARM.Collect$$rtentry$$00000009)
    __rt_entry_main                          0x00000333   Thumb Code     0  __rtentry2.o(.ARM.Collect$$rtentry$$0000000D)
    __rt_entry_postli_1                      0x00000333   Thumb Code     0  __rtentry2.o(.ARM.Collect$$rtentry$$0000000C)
    __rt_exit                                0x0000033b   Thumb Code     0  rtexit.o(.ARM.Collect$$rtexit$$00000000)
    __rt_exit_ls                             0x0000033d   Thumb Code     0  rtexit2.o(.ARM.Collect$$rtexit$$00000003)
    __rt_exit_prels_1                        0x0000033d   Thumb Code     0  rtexit2.o(.ARM.Collect$$rtexit$$00000002)
    __rt_exit_exit                           0x00000341   Thumb Code     0  rtexit2.o(.ARM.Collect$$rtexit$$00000004)
    CPUcpsid                                 0x00000349   Thumb Code     8  cpu.o(.emb_text)
    CPUprimask                               0x00000351   Thumb Code     6  cpu.o(.emb_text)
    CPUcpsie                                 0x00000357   Thumb Code     8  cpu.o(.emb_text)
    CPUwfi                                   0x0000035f   Thumb Code     4  cpu.o(.emb_text)
    CPUbasepriSet                            0x00000363   Thumb Code     6  cpu.o(.emb_text)
    CPUbasepriGet                            0x00000369   Thumb Code     6  cpu.o(.emb_text)
    SysCtlDelay                              0x00000371   Thumb Code     6  sysctl.o(.emb_text)
    main                                     0x00000379   Thumb Code    74  main.o(.text)
    VSYNCIntHandler                          0x000003d1   Thumb Code    36  eagle.o(.text)
    PCLKIntHandler                           0x000003f5   Thumb Code    10  eagle.o(.text)
    InitEagleGPIO                            0x000003ff   Thumb Code   280  eagle.o(.text)
    OV7725_EAGLE_Delay_ms                    0x00000517   Thumb Code    26  eagle.o(.text)
    OV7725_eagle_reg_init                    0x00000531   Thumb Code   108  eagle.o(.text)
    InitEagle                                0x0000059d   Thumb Code    18  eagle.o(.text)
    UART0IntHandler                          0x000005e9   Thumb Code    58  myuart.o(.text)
    initUART0                                0x00000623   Thumb Code    94  myuart.o(.text)
    SCCB_GPIO_Init                           0x000006a5   Thumb Code    38  sccb.o(.text)
    SCCB_WriteByte                           0x00000933   Thumb Code    38  sccb.o(.text)
    SCCB_ReadByte                            0x000009d3   Thumb Code    46  sccb.o(.text)
    GPIODirModeSet                           0x00000a41   Thumb Code    50  gpio.o(.text)
    GPIODirModeGet                           0x00000a73   Thumb Code    46  gpio.o(.text)
    GPIOIntTypeSet                           0x00000aa1   Thumb Code   102  gpio.o(.text)
    GPIOIntTypeGet                           0x00000b07   Thumb Code    84  gpio.o(.text)
    GPIOPadConfigSet                         0x00000b5b   Thumb Code   342  gpio.o(.text)
    GPIOPadConfigGet                         0x00000cb1   Thumb Code   206  gpio.o(.text)
    GPIOIntEnable                            0x00000d7f   Thumb Code    12  gpio.o(.text)
    GPIOIntDisable                           0x00000d8b   Thumb Code    12  gpio.o(.text)
    GPIOIntStatus                            0x00000d97   Thumb Code    16  gpio.o(.text)
    GPIOIntClear                             0x00000da7   Thumb Code     6  gpio.o(.text)
    GPIOIntRegister                          0x00000dad   Thumb Code    30  gpio.o(.text)
    GPIOIntUnregister                        0x00000dcb   Thumb Code    26  gpio.o(.text)
    GPIOIntRegisterPin                       0x00000de5   Thumb Code    56  gpio.o(.text)
    GPIOIntUnregisterPin                     0x00000e1d   Thumb Code    28  gpio.o(.text)
    GPIOPinRead                              0x00000e39   Thumb Code    12  gpio.o(.text)
    GPIOPinWrite                             0x00000e45   Thumb Code    10  gpio.o(.text)
    GPIOPinTypeADC                           0x00000e4f   Thumb Code    30  gpio.o(.text)
    GPIOPinTypeCAN                           0x00000e6d   Thumb Code    30  gpio.o(.text)
    GPIOPinTypeComparator                    0x00000e8b   Thumb Code    30  gpio.o(.text)
    GPIOPinTypeComparatorOutput              0x00000ea9   Thumb Code    30  gpio.o(.text)
    GPIOPinTypeDIVSCLK                       0x00000ec7   Thumb Code    30  gpio.o(.text)
    GPIOPinTypeEPI                           0x00000ee5   Thumb Code    30  gpio.o(.text)
    GPIOPinTypeEthernetLED                   0x00000f03   Thumb Code    30  gpio.o(.text)
    GPIOPinTypeEthernetMII                   0x00000f21   Thumb Code    30  gpio.o(.text)
    GPIOPinTypeGPIOInput                     0x00000f3f   Thumb Code    30  gpio.o(.text)
    GPIOPinTypeGPIOOutput                    0x00000f5d   Thumb Code    30  gpio.o(.text)
    GPIOPinTypeGPIOOutputOD                  0x00000f7b   Thumb Code    30  gpio.o(.text)
    GPIOPinTypeHibernateRTCCLK               0x00000f99   Thumb Code    30  gpio.o(.text)
    GPIOPinTypeI2C                           0x00000fb7   Thumb Code    30  gpio.o(.text)
    GPIOPinTypeI2CSCL                        0x00000fd5   Thumb Code    30  gpio.o(.text)
    GPIOPinTypeLCD                           0x00000ff3   Thumb Code    30  gpio.o(.text)
    GPIOPinTypeOneWire                       0x00001011   Thumb Code    30  gpio.o(.text)
    GPIOPinTypePWM                           0x0000102f   Thumb Code    30  gpio.o(.text)
    GPIOPinTypeQEI                           0x0000104d   Thumb Code    30  gpio.o(.text)
    GPIOPinTypeSSI                           0x0000106b   Thumb Code    30  gpio.o(.text)
    GPIOPinTypeTimer                         0x00001089   Thumb Code    30  gpio.o(.text)
    GPIOPinTypeTrace                         0x000010a7   Thumb Code    30  gpio.o(.text)
    GPIOPinTypeUART                          0x000010c5   Thumb Code    30  gpio.o(.text)
    GPIOPinTypeUSBAnalog                     0x000010e3   Thumb Code    30  gpio.o(.text)
    GPIOPinTypeUSBDigital                    0x00001101   Thumb Code    30  gpio.o(.text)
    GPIOPinTypeWakeHigh                      0x0000111f   Thumb Code    32  gpio.o(.text)
    GPIOPinTypeWakeLow                       0x0000113f   Thumb Code    32  gpio.o(.text)
    GPIOPinWakeStatus                        0x0000115f   Thumb Code     8  gpio.o(.text)
    GPIOPinConfigure                         0x00001167   Thumb Code    70  gpio.o(.text)
    GPIODMATriggerEnable                     0x000011ad   Thumb Code    12  gpio.o(.text)
    GPIODMATriggerDisable                    0x000011b9   Thumb Code    12  gpio.o(.text)
    GPIOADCTriggerEnable                     0x000011c5   Thumb Code    12  gpio.o(.text)
    GPIOADCTriggerDisable                    0x000011d1   Thumb Code    12  gpio.o(.text)
    IntMasterEnable                          0x000011e9   Thumb Code    16  interrupt.o(.text)
    IntMasterDisable                         0x000011f9   Thumb Code    16  interrupt.o(.text)
    IntRegister                              0x00001209   Thumb Code    52  interrupt.o(.text)
    IntUnregister                            0x0000123d   Thumb Code    10  interrupt.o(.text)
    IntPriorityGroupingSet                   0x00001247   Thumb Code    18  interrupt.o(.text)
    IntPriorityGroupingGet                   0x00001259   Thumb Code    36  interrupt.o(.text)
    IntPrioritySet                           0x0000127d   Thumb Code    46  interrupt.o(.text)
    IntPriorityGet                           0x000012ab   Thumb Code    22  interrupt.o(.text)
    IntEnable                                0x000012c1   Thumb Code   120  interrupt.o(.text)
    IntDisable                               0x00001339   Thumb Code   120  interrupt.o(.text)
    IntIsEnabled                             0x000013b1   Thumb Code   106  interrupt.o(.text)
    IntPendSet                               0x0000141b   Thumb Code    98  interrupt.o(.text)
    IntPendClear                             0x0000147d   Thumb Code    76  interrupt.o(.text)
    IntPriorityMaskSet                       0x000014c9   Thumb Code    12  interrupt.o(.text)
    IntPriorityMaskGet                       0x000014d5   Thumb Code     8  interrupt.o(.text)
    IntTrigger                               0x000014dd   Thumb Code    10  interrupt.o(.text)
    SysCtlSRAMSizeGet                        0x00001599   Thumb Code    12  sysctl.o(.text)
    SysCtlFlashSizeGet                       0x000015a5   Thumb Code    42  sysctl.o(.text)
    SysCtlFlashSectorSizeGet                 0x000015cf   Thumb Code    40  sysctl.o(.text)
    SysCtlPeripheralPresent                  0x000015f7   Thumb Code    52  sysctl.o(.text)
    SysCtlPeripheralReady                    0x0000162b   Thumb Code    52  sysctl.o(.text)
    SysCtlPeripheralPowerOn                  0x0000165f   Thumb Code    46  sysctl.o(.text)
    SysCtlPeripheralPowerOff                 0x0000168d   Thumb Code    46  sysctl.o(.text)
    SysCtlPeripheralReset                    0x000016bb   Thumb Code   106  sysctl.o(.text)
    SysCtlPeripheralEnable                   0x00001725   Thumb Code    46  sysctl.o(.text)
    SysCtlPeripheralDisable                  0x00001753   Thumb Code    46  sysctl.o(.text)
    SysCtlPeripheralSleepEnable              0x00001781   Thumb Code    46  sysctl.o(.text)
    SysCtlPeripheralSleepDisable             0x000017af   Thumb Code    46  sysctl.o(.text)
    SysCtlPeripheralDeepSleepEnable          0x000017dd   Thumb Code    46  sysctl.o(.text)
    SysCtlPeripheralDeepSleepDisable         0x0000180b   Thumb Code    46  sysctl.o(.text)
    SysCtlPeripheralClockGating              0x00001839   Thumb Code    82  sysctl.o(.text)
    SysCtlIntRegister                        0x0000188b   Thumb Code    20  sysctl.o(.text)
    SysCtlIntUnregister                      0x0000189f   Thumb Code    16  sysctl.o(.text)
    SysCtlIntEnable                          0x000018af   Thumb Code    12  sysctl.o(.text)
    SysCtlIntDisable                         0x000018bb   Thumb Code    12  sysctl.o(.text)
    SysCtlIntClear                           0x000018c7   Thumb Code     6  sysctl.o(.text)
    SysCtlIntStatus                          0x000018cd   Thumb Code    16  sysctl.o(.text)
    SysCtlLDOSleepSet                        0x000018dd   Thumb Code     6  sysctl.o(.text)
    SysCtlLDOSleepGet                        0x000018e3   Thumb Code     6  sysctl.o(.text)
    SysCtlLDODeepSleepSet                    0x000018e9   Thumb Code     8  sysctl.o(.text)
    SysCtlLDODeepSleepGet                    0x000018f1   Thumb Code    60  sysctl.o(.text)
    SysCtlSleepPowerSet                      0x0000192d   Thumb Code     6  sysctl.o(.text)
    SysCtlDeepSleepPowerSet                  0x00001933   Thumb Code     8  sysctl.o(.text)
    SysCtlReset                              0x0000193b   Thumb Code    10  sysctl.o(.text)
    SysCtlSleep                              0x00001945   Thumb Code     8  sysctl.o(.text)
    SysCtlDeepSleep                          0x0000194d   Thumb Code    40  sysctl.o(.text)
    SysCtlResetCauseGet                      0x00001975   Thumb Code     6  sysctl.o(.text)
    SysCtlResetCauseClear                    0x0000197b   Thumb Code    12  sysctl.o(.text)
    SysCtlMOSCConfigSet                      0x00001987   Thumb Code     6  sysctl.o(.text)
    SysCtlPIOSCCalibrate                     0x0000198d   Thumb Code    82  sysctl.o(.text)
    SysCtlResetBehaviorSet                   0x000019df   Thumb Code     8  sysctl.o(.text)
    SysCtlResetBehaviorGet                   0x000019e7   Thumb Code     8  sysctl.o(.text)
    SysCtlClockFreqSet                       0x000019ef   Thumb Code   666  sysctl.o(.text)
    SysCtlClockSet                           0x00001c89   Thumb Code   342  sysctl.o(.text)
    SysCtlClockGet                           0x00001ddf   Thumb Code   326  sysctl.o(.text)
    SysCtlDeepSleepClockSet                  0x00001f25   Thumb Code     8  sysctl.o(.text)
    SysCtlDeepSleepClockConfigSet            0x00001f2d   Thumb Code   110  sysctl.o(.text)
    SysCtlPWMClockSet                        0x00001f9b   Thumb Code    16  sysctl.o(.text)
    SysCtlPWMClockGet                        0x00001fab   Thumb Code    24  sysctl.o(.text)
    SysCtlGPIOAHBEnable                      0x00001fc3   Thumb Code    20  sysctl.o(.text)
    SysCtlGPIOAHBDisable                     0x00001fd7   Thumb Code    20  sysctl.o(.text)
    SysCtlUSBPLLEnable                       0x00001feb   Thumb Code    14  sysctl.o(.text)
    SysCtlUSBPLLDisable                      0x00001ff9   Thumb Code    14  sysctl.o(.text)
    SysCtlVoltageEventConfig                 0x00002007   Thumb Code     6  sysctl.o(.text)
    SysCtlVoltageEventStatus                 0x0000200d   Thumb Code     6  sysctl.o(.text)
    SysCtlVoltageEventClear                  0x00002013   Thumb Code    12  sysctl.o(.text)
    SysCtlVCOGet                             0x0000201f   Thumb Code   130  sysctl.o(.text)
    SysCtlNMIStatus                          0x000020a1   Thumb Code     6  sysctl.o(.text)
    SysCtlNMIClear                           0x000020a7   Thumb Code    12  sysctl.o(.text)
    SysCtlClockOutConfig                     0x000020b3   Thumb Code    14  sysctl.o(.text)
    SysCtlAltClkConfig                       0x000020c1   Thumb Code     8  sysctl.o(.text)
    UARTParityModeSet                        0x00002139   Thumb Code    12  uart.o(.text)
    UARTParityModeGet                        0x00002145   Thumb Code    10  uart.o(.text)
    UARTFIFOLevelSet                         0x0000214f   Thumb Code     8  uart.o(.text)
    UARTFIFOLevelGet                         0x00002157   Thumb Code    18  uart.o(.text)
    UARTEnable                               0x00002169   Thumb Code    20  uart.o(.text)
    UARTDisable                              0x0000217d   Thumb Code    32  uart.o(.text)
    UARTConfigSetExpClk                      0x0000219d   Thumb Code    76  uart.o(.text)
    UARTConfigGetExpClk                      0x000021e9   Thumb Code    44  uart.o(.text)
    UARTFIFOEnable                           0x00002215   Thumb Code    10  uart.o(.text)
    UARTFIFODisable                          0x0000221f   Thumb Code    10  uart.o(.text)
    UARTEnableSIR                            0x00002229   Thumb Code    22  uart.o(.text)
    UARTDisableSIR                           0x0000223f   Thumb Code    10  uart.o(.text)
    UARTSmartCardEnable                      0x00002249   Thumb Code    22  uart.o(.text)
    UARTSmartCardDisable                     0x0000225f   Thumb Code    10  uart.o(.text)
    UARTModemControlSet                      0x00002269   Thumb Code    12  uart.o(.text)
    UARTModemControlClear                    0x00002275   Thumb Code    12  uart.o(.text)
    UARTModemControlGet                      0x00002281   Thumb Code    10  uart.o(.text)
    UARTModemStatusGet                       0x0000228b   Thumb Code    12  uart.o(.text)
    UARTFlowControlSet                       0x00002297   Thumb Code    12  uart.o(.text)
    UARTFlowControlGet                       0x000022a3   Thumb Code    10  uart.o(.text)
    UARTTxIntModeSet                         0x000022ad   Thumb Code    12  uart.o(.text)
    UARTTxIntModeGet                         0x000022b9   Thumb Code    10  uart.o(.text)
    UARTCharsAvail                           0x000022c3   Thumb Code    12  uart.o(.text)
    UARTSpaceAvail                           0x000022cf   Thumb Code    12  uart.o(.text)
    UARTCharGetNonBlocking                   0x000022db   Thumb Code    20  uart.o(.text)
    UARTCharGet                              0x000022ef   Thumb Code    18  uart.o(.text)
    UARTCharPutNonBlocking                   0x00002301   Thumb Code    20  uart.o(.text)
    UARTCharPut                              0x00002315   Thumb Code    16  uart.o(.text)
    UARTBreakCtl                             0x00002325   Thumb Code    20  uart.o(.text)
    UARTBusy                                 0x00002339   Thumb Code    10  uart.o(.text)
    UARTIntRegister                          0x00002343   Thumb Code    30  uart.o(.text)
    UARTIntUnregister                        0x00002361   Thumb Code    26  uart.o(.text)
    UARTIntEnable                            0x0000237b   Thumb Code     8  uart.o(.text)
    UARTIntDisable                           0x00002383   Thumb Code     8  uart.o(.text)
    UARTIntStatus                            0x0000238b   Thumb Code    12  uart.o(.text)
    UARTIntClear                             0x00002397   Thumb Code     4  uart.o(.text)
    UARTDMAEnable                            0x0000239b   Thumb Code     8  uart.o(.text)
    UARTDMADisable                           0x000023a3   Thumb Code     8  uart.o(.text)
    UARTRxErrorGet                           0x000023ab   Thumb Code    10  uart.o(.text)
    UARTRxErrorClear                         0x000023b5   Thumb Code     6  uart.o(.text)
    UARTClockSourceSet                       0x000023bb   Thumb Code     6  uart.o(.text)
    UARTClockSourceGet                       0x000023c1   Thumb Code     8  uart.o(.text)
    UART9BitEnable                           0x000023c9   Thumb Code    14  uart.o(.text)
    UART9BitDisable                          0x000023d7   Thumb Code    14  uart.o(.text)
    UART9BitAddrSet                          0x000023e5   Thumb Code    10  uart.o(.text)
    UART9BitAddrSend                         0x000023ef   Thumb Code    44  uart.o(.text)
    UARTLoopbackEnable                       0x0000241b   Thumb Code    10  uart.o(.text)
    uDMAEnable                               0x00002439   Thumb Code     8  udma.o(.text)
    uDMADisable                              0x00002441   Thumb Code     8  udma.o(.text)
    uDMAErrorStatusGet                       0x00002449   Thumb Code     6  udma.o(.text)
    uDMAErrorStatusClear                     0x0000244f   Thumb Code     8  udma.o(.text)
    uDMAChannelEnable                        0x00002457   Thumb Code    14  udma.o(.text)
    uDMAChannelDisable                       0x00002465   Thumb Code    14  udma.o(.text)
    uDMAChannelIsEnabled                     0x00002473   Thumb Code    26  udma.o(.text)
    uDMAControlBaseSet                       0x0000248d   Thumb Code     6  udma.o(.text)
    uDMAControlBaseGet                       0x00002493   Thumb Code     6  udma.o(.text)
    uDMAControlAlternateBaseGet              0x00002499   Thumb Code     6  udma.o(.text)
    uDMAChannelRequest                       0x0000249f   Thumb Code    14  udma.o(.text)
    uDMAChannelAttributeEnable               0x000024ad   Thumb Code    62  udma.o(.text)
    uDMAChannelAttributeDisable              0x000024eb   Thumb Code    62  udma.o(.text)
    uDMAChannelAttributeGet                  0x00002529   Thumb Code    74  udma.o(.text)
    uDMAChannelControlSet                    0x00002573   Thumb Code    30  udma.o(.text)
    uDMAChannelTransferSet                   0x00002591   Thumb Code   170  udma.o(.text)
    uDMAChannelScatterGatherSet              0x0000263b   Thumb Code    82  udma.o(.text)
    uDMAChannelSizeGet                       0x0000268d   Thumb Code    38  udma.o(.text)
    uDMAChannelModeGet                       0x000026b3   Thumb Code    42  udma.o(.text)
    uDMAIntRegister                          0x000026dd   Thumb Code    22  udma.o(.text)
    uDMAIntUnregister                        0x000026f3   Thumb Code    18  udma.o(.text)
    uDMAIntStatus                            0x00002705   Thumb Code     6  udma.o(.text)
    uDMAIntClear                             0x0000270b   Thumb Code     6  udma.o(.text)
    uDMAChannelAssign                        0x00002711   Thumb Code    38  udma.o(.text)
    uDMAChannelSelectSecondary               0x00002737   Thumb Code    16  udma.o(.text)
    uDMAChannelSelectDefault                 0x00002747   Thumb Code    16  udma.o(.text)
    __user_initial_stackheap                 0x00002769   Thumb Code     0  startup_rvmdk.o(.text)
    __use_two_region_memory                  0x00002781   Thumb Code     2  heapauxi.o(.text)
    __rt_heap_escrow$2region                 0x00002783   Thumb Code     2  heapauxi.o(.text)
    __rt_heap_expand$2region                 0x00002785   Thumb Code     2  heapauxi.o(.text)
    __user_setup_stackheap                   0x00002787   Thumb Code    74  sys_stackheap_outer.o(.text)
    exit                                     0x000027d1   Thumb Code    18  exit.o(.text)
    __user_libspace                          0x000027e5   Thumb Code     8  libspace.o(.text)
    __user_perproc_libspace                  0x000027e5   Thumb Code     0  libspace.o(.text)
    __user_perthread_libspace                0x000027e5   Thumb Code     0  libspace.o(.text)
    _sys_exit                                0x000027ed   Thumb Code     8  sys_exit.o(.text)
    __I$use$semihosting                      0x000027f9   Thumb Code     0  use_no_semi.o(.text)
    __use_no_semihosting_swi                 0x000027f9   Thumb Code     2  use_no_semi.o(.text)
    __semihosting_library_function           0x000027fb   Thumb Code     0  indicate_semi.o(.text)
    _fp_init                                 0x000027fb   Thumb Code    10  fpinit.o(x$fpl$fpinit)
    __fplib_config_fpu_vfp                   0x00002803   Thumb Code     0  fpinit.o(x$fpl$fpinit)
    __fplib_config_pureend_doubles           0x00002803   Thumb Code     0  fpinit.o(x$fpl$fpinit)
    Region$$Table$$Base                      0x00002e0c   Number         0  anon$$obj.o(Region$$Table)
    Region$$Table$$Limit                     0x00002e2c   Number         0  anon$$obj.o(Region$$Table)
    OV7725_eagle_reg                         0x20000000   Data          98  eagle.o(.data)
    OV7725_eagle_cfgnum                      0x20000062   Data           1  eagle.o(.data)
    imgbuff                                  0x2000066c   Data         600  main.o(.bss)
    IMAGE                                    0x200008c4   Data        4800  main.o(.bss)
    pui8ControlTable                         0x20001b84   Data        1024  eagle.o(.bss)
    __libspace_start                         0x20001f84   Data          96  libspace.o(.bss)
    __temporary_stack_top$libspace           0x20001fe4   Data           0  libspace.o(.bss)



==============================================================================

Memory Map of the image

  Image Entry point : 0x00000289

  Load Region LR_IROM1 (Base: 0x00000000, Size: 0x00003498, Max: 0x00040000, ABSOLUTE, COMPRESSED[0x00002ea0])

    Execution Region ER_IROM1 (Exec base: 0x00000000, Load base: 0x00000000, Size: 0x00002e2c, Max: 0x00040000, ABSOLUTE)

    Exec Addr    Load Addr    Size         Type   Attr      Idx    E Section Name        Object

    0x00000000   0x00000000   0x00000288   Code   RO          702    RESET               startup_rvmdk.o
    0x00000288   0x00000288   0x00000008   Code   RO          712  * !!!main             c_w.l(__main.o)
    0x00000290   0x00000290   0x00000034   Code   RO          871    !!!scatter          c_w.l(__scatter.o)
    0x000002c4   0x000002c4   0x0000003a   Code   RO          869    !!dczerorl          c_w.l(__dczerorl.o)
    0x000002fe   0x000002fe   0x00000002   PAD
    0x00000300   0x00000300   0x0000001c   Code   RO          873    !!handler_zi        c_w.l(__scatter_zi.o)
    0x0000031c   0x0000031c   0x00000002   Code   RO          739    .ARM.Collect$$libinit$$00000000  c_w.l(libinit.o)
    0x0000031e   0x0000031e   0x00000004   Code   RO          745    .ARM.Collect$$libinit$$00000001  c_w.l(libinit2.o)
    0x00000322   0x00000322   0x00000000   Code   RO          748    .ARM.Collect$$libinit$$00000004  c_w.l(libinit2.o)
    0x00000322   0x00000322   0x00000000   Code   RO          751    .ARM.Collect$$libinit$$0000000A  c_w.l(libinit2.o)
    0x00000322   0x00000322   0x00000000   Code   RO          753    .ARM.Collect$$libinit$$0000000C  c_w.l(libinit2.o)
    0x00000322   0x00000322   0x00000000   Code   RO          755    .ARM.Collect$$libinit$$0000000E  c_w.l(libinit2.o)
    0x00000322   0x00000322   0x00000000   Code   RO          758    .ARM.Collect$$libinit$$00000011  c_w.l(libinit2.o)
    0x00000322   0x00000322   0x00000000   Code   RO          760    .ARM.Collect$$libinit$$00000013  c_w.l(libinit2.o)
    0x00000322   0x00000322   0x00000000   Code   RO          762    .ARM.Collect$$libinit$$00000015  c_w.l(libinit2.o)
    0x00000322   0x00000322   0x00000000   Code   RO          764    .ARM.Collect$$libinit$$00000017  c_w.l(libinit2.o)
    0x00000322   0x00000322   0x00000000   Code   RO          766    .ARM.Collect$$libinit$$00000019  c_w.l(libinit2.o)
    0x00000322   0x00000322   0x00000000   Code   RO          768    .ARM.Collect$$libinit$$0000001B  c_w.l(libinit2.o)
    0x00000322   0x00000322   0x00000000   Code   RO          770    .ARM.Collect$$libinit$$0000001D  c_w.l(libinit2.o)
    0x00000322   0x00000322   0x00000000   Code   RO          772    .ARM.Collect$$libinit$$0000001F  c_w.l(libinit2.o)
    0x00000322   0x00000322   0x00000000   Code   RO          774    .ARM.Collect$$libinit$$00000021  c_w.l(libinit2.o)
    0x00000322   0x00000322   0x00000000   Code   RO          776    .ARM.Collect$$libinit$$00000023  c_w.l(libinit2.o)
    0x00000322   0x00000322   0x00000000   Code   RO          778    .ARM.Collect$$libinit$$00000025  c_w.l(libinit2.o)
    0x00000322   0x00000322   0x00000000   Code   RO          782    .ARM.Collect$$libinit$$0000002C  c_w.l(libinit2.o)
    0x00000322   0x00000322   0x00000000   Code   RO          784    .ARM.Collect$$libinit$$0000002E  c_w.l(libinit2.o)
    0x00000322   0x00000322   0x00000000   Code   RO          786    .ARM.Collect$$libinit$$00000030  c_w.l(libinit2.o)
    0x00000322   0x00000322   0x00000000   Code   RO          788    .ARM.Collect$$libinit$$00000032  c_w.l(libinit2.o)
    0x00000322   0x00000322   0x00000002   Code   RO          789    .ARM.Collect$$libinit$$00000033  c_w.l(libinit2.o)
    0x00000324   0x00000324   0x00000002   Code   RO          809    .ARM.Collect$$libshutdown$$00000000  c_w.l(libshutdown.o)
    0x00000326   0x00000326   0x00000000   Code   RO          822    .ARM.Collect$$libshutdown$$00000002  c_w.l(libshutdown2.o)
    0x00000326   0x00000326   0x00000000   Code   RO          824    .ARM.Collect$$libshutdown$$00000004  c_w.l(libshutdown2.o)
    0x00000326   0x00000326   0x00000000   Code   RO          827    .ARM.Collect$$libshutdown$$00000007  c_w.l(libshutdown2.o)
    0x00000326   0x00000326   0x00000000   Code   RO          830    .ARM.Collect$$libshutdown$$0000000A  c_w.l(libshutdown2.o)
    0x00000326   0x00000326   0x00000000   Code   RO          832    .ARM.Collect$$libshutdown$$0000000C  c_w.l(libshutdown2.o)
    0x00000326   0x00000326   0x00000000   Code   RO          835    .ARM.Collect$$libshutdown$$0000000F  c_w.l(libshutdown2.o)
    0x00000326   0x00000326   0x00000002   Code   RO          836    .ARM.Collect$$libshutdown$$00000010  c_w.l(libshutdown2.o)
    0x00000328   0x00000328   0x00000000   Code   RO          714    .ARM.Collect$$rtentry$$00000000  c_w.l(__rtentry.o)
    0x00000328   0x00000328   0x00000000   Code   RO          716    .ARM.Collect$$rtentry$$00000002  c_w.l(__rtentry2.o)
    0x00000328   0x00000328   0x00000006   Code   RO          728    .ARM.Collect$$rtentry$$00000004  c_w.l(__rtentry4.o)
    0x0000032e   0x0000032e   0x00000000   Code   RO          718    .ARM.Collect$$rtentry$$00000009  c_w.l(__rtentry2.o)
    0x0000032e   0x0000032e   0x00000004   Code   RO          719    .ARM.Collect$$rtentry$$0000000A  c_w.l(__rtentry2.o)
    0x00000332   0x00000332   0x00000000   Code   RO          721    .ARM.Collect$$rtentry$$0000000C  c_w.l(__rtentry2.o)
    0x00000332   0x00000332   0x00000008   Code   RO          722    .ARM.Collect$$rtentry$$0000000D  c_w.l(__rtentry2.o)
    0x0000033a   0x0000033a   0x00000002   Code   RO          743    .ARM.Collect$$rtexit$$00000000  c_w.l(rtexit.o)
    0x0000033c   0x0000033c   0x00000000   Code   RO          791    .ARM.Collect$$rtexit$$00000002  c_w.l(rtexit2.o)
    0x0000033c   0x0000033c   0x00000004   Code   RO          792    .ARM.Collect$$rtexit$$00000003  c_w.l(rtexit2.o)
    0x00000340   0x00000340   0x00000006   Code   RO          793    .ARM.Collect$$rtexit$$00000004  c_w.l(rtexit2.o)
    0x00000346   0x00000346   0x00000002   PAD
    0x00000348   0x00000348   0x00000026   Code   RO          217    .emb_text           cpu.o
    0x0000036e   0x0000036e   0x00000002   PAD
    0x00000370   0x00000370   0x00000006   Code   RO          564    .emb_text           sysctl.o
    0x00000376   0x00000376   0x00000002   PAD
    0x00000378   0x00000378   0x00000058   Code   RO            1    .text               main.o
    0x000003d0   0x000003d0   0x00000218   Code   RO           88    .text               eagle.o
    0x000005e8   0x000005e8   0x000000a4   Code   RO          105    .text               myuart.o
    0x0000068c   0x0000068c   0x0000037c   Code   RO          117    .text               sccb.o
    0x00000a08   0x00000a08   0x000007dc   Code   RO          355    .text               gpio.o
    0x000011e4   0x000011e4   0x00000330   Code   RO          410    .text               interrupt.o
    0x00001514   0x00001514   0x00000bec   Code   RO          565    .text               sysctl.o
    0x00002100   0x00002100   0x00000338   Code   RO          632    .text               uart.o
    0x00002438   0x00002438   0x00000330   Code   RO          649    .text               udma.o
    0x00002768   0x00002768   0x00000018   Code   RO          703    .text               startup_rvmdk.o
    0x00002780   0x00002780   0x00000006   Code   RO          710    .text               c_w.l(heapauxi.o)
    0x00002786   0x00002786   0x0000004a   Code   RO          730    .text               c_w.l(sys_stackheap_outer.o)
    0x000027d0   0x000027d0   0x00000012   Code   RO          732    .text               c_w.l(exit.o)
    0x000027e2   0x000027e2   0x00000002   PAD
    0x000027e4   0x000027e4   0x00000008   Code   RO          740    .text               c_w.l(libspace.o)
    0x000027ec   0x000027ec   0x0000000c   Code   RO          801    .text               c_w.l(sys_exit.o)
    0x000027f8   0x000027f8   0x00000002   Code   RO          812    .text               c_w.l(use_no_semi.o)
    0x000027fa   0x000027fa   0x00000000   Code   RO          814    .text               c_w.l(indicate_semi.o)
    0x000027fa   0x000027fa   0x0000000a   Code   RO          799    x$fpl$fpinit        fz_wm.l(fpinit.o)
    0x00002804   0x00002804   0x00000228   Data   RO          356    .constdata          gpio.o
    0x00002a2c   0x00002a2c   0x0000010c   Data   RO          411    .constdata          interrupt.o
    0x00002b38   0x00002b38   0x00000254   Data   RO          566    .constdata          sysctl.o
    0x00002d8c   0x00002d8c   0x00000080   Data   RO          633    .constdata          uart.o
    0x00002e0c   0x00002e0c   0x00000020   Data   RO          867    Region$$Table       anon$$obj.o


    Execution Region RW_IRAM1 (Exec base: 0x20000000, Load base: 0x00002e2c, Size: 0x000020e8, Max: 0x00008000, ABSOLUTE, COMPRESSED[0x00000074])

    Exec Addr    Load Addr    Size         Type   Attr      Idx    E Section Name        Object

    0x20000000   COMPRESSED   0x00000063   Data   RW           90    .data               eagle.o
    0x20000063   COMPRESSED   0x0000039d   PAD
    0x20000400   COMPRESSED   0x0000026c   Data   RW          412    vtable              interrupt.o
    0x2000066c        -       0x00001518   Zero   RW            2    .bss                main.o
    0x20001b84        -       0x00000400   Zero   RW           89    .bss                eagle.o
    0x20001f84        -       0x00000060   Zero   RW          741    .bss                c_w.l(libspace.o)
    0x20001fe4   COMPRESSED   0x00000004   PAD
    0x20001fe8        -       0x00000000   Zero   RW          701    HEAP                startup_rvmdk.o
    0x20001fe8        -       0x00000100   Zero   RW          700    STACK               startup_rvmdk.o


==============================================================================

Image component sizes


      Code (inc. data)   RO Data    RW Data    ZI Data      Debug   Object Name

        38          0          0          0          0        584   cpu.o
       536         58          0         99       1024       2283   eagle.o
      2012         28        552          0          0      14202   gpio.o
       816         46        268        620          0       4756   interrupt.o
        88         14          0          0       5400      21163   main.o
       164         12          0          0          0        740   myuart.o
       892          8          0          0          0       3542   sccb.o
       672        636          0          0        256        476   startup_rvmdk.o
      3058        168        596          0          0      15046   sysctl.o
       824         20        128          0          0      11151   uart.o
       816         18          0          0          0       6881   udma.o

    ----------------------------------------------------------------------
      9920       1008       1576       1644       6680      80824   Object Totals
         0          0         32          0          0          0   (incl. Generated)
         4          0          0        925          0          0   (incl. Padding)

    ----------------------------------------------------------------------

      Code (inc. data)   RO Data    RW Data    ZI Data      Debug   Library Member Name

        58          0          0          0          0          0   __dczerorl.o
         8          0          0          0          0         68   __main.o
         0          0          0          0          0          0   __rtentry.o
        12          0          0          0          0          0   __rtentry2.o
         6          0          0          0          0          0   __rtentry4.o
        52          8          0          0          0          0   __scatter.o
        28          0          0          0          0          0   __scatter_zi.o
        18          0          0          0          0         80   exit.o
         6          0          0          0          0        152   heapauxi.o
         0          0          0          0          0          0   indicate_semi.o
         2          0          0          0          0          0   libinit.o
         6          0          0          0          0          0   libinit2.o
         2          0          0          0          0          0   libshutdown.o
         2          0          0          0          0          0   libshutdown2.o
         8          4          0          0         96         68   libspace.o
         2          0          0          0          0          0   rtexit.o
        10          0          0          0          0          0   rtexit2.o
        12          4          0          0          0         68   sys_exit.o
        74          0          0          0          0         80   sys_stackheap_outer.o
         2          0          0          0          0         68   use_no_semi.o
        10          0          0          0          0        116   fpinit.o

    ----------------------------------------------------------------------
       324         16          0          0        100        700   Library Totals
         6          0          0          0          4          0   (incl. Padding)

    ----------------------------------------------------------------------

      Code (inc. data)   RO Data    RW Data    ZI Data      Debug   Library Name

       308         16          0          0         96        584   c_w.l
        10          0          0          0          0        116   fz_wm.l

    ----------------------------------------------------------------------
       324         16          0          0        100        700   Library Totals

    ----------------------------------------------------------------------

==============================================================================


      Code (inc. data)   RO Data    RW Data    ZI Data      Debug   

     10244       1024       1576       1644       6780      79168   Grand Totals
     10244       1024       1576        116       6780      79168   ELF Image Totals (compressed)
     10244       1024       1576        116          0          0   ROM Totals

==============================================================================

    Total RO  Size (Code + RO Data)                11820 (  11.54kB)
    Total RW  Size (RW Data + ZI Data)              8424 (   8.23kB)
    Total ROM Size (Code + RO Data + RW Data)      11936 (  11.66kB)

==============================================================================

